// Jest Snapshot v1, https://goo.gl/fbAQLP

exports[`Icon Component rendered correctly About Focused Icon 1`] = `
<View
  style={
    Array [
      Object {
        "overflow": "hidden",
      },
      Object {
        "alignItems": "center",
        "justifyContent": "center",
      },
    ]
  }
>
  <Text
    allowFontScaling={false}
    style={
      Array [
        Object {
          "color": "#0f348e",
          "fontSize": 50,
        },
        undefined,
        Object {
          "fontFamily": "Ionicons",
          "fontStyle": "normal",
          "fontWeight": "normal",
        },
        Object {},
      ]
    }
  >
    
  </Text>
</View>
`;

exports[`Icon Component rendered correctly About Icon 1`] = `
<View
  style={
    Array [
      Object {
        "overflow": "hidden",
      },
      Object {
        "alignItems": "center",
        "justifyContent": "center",
      },
    ]
  }
>
  <Text
    allowFontScaling={false}
    style={
      Array [
        Object {
          "color": "#0f348e",
          "fontSize": 50,
        },
        undefined,
        Object {
          "fontFamily": "Ionicons",
          "fontStyle": "normal",
          "fontWeight": "normal",
        },
        Object {},
      ]
    }
  >
    
  </Text>
</View>
`;

exports[`Icon Component rendered correctly Backspace Icon 1`] = `
<View
  style={
    Array [
      Object {
        "overflow": "hidden",
      },
      Object {
        "alignItems": "center",
        "justifyContent": "center",
      },
    ]
  }
>
  <Text
    allowFontScaling={false}
    style={
      Array [
        Object {
          "color": "#0f348e",
          "fontSize": 50,
        },
        undefined,
        Object {
          "fontFamily": "Ionicons",
          "fontStyle": "normal",
          "fontWeight": "normal",
        },
        Object {},
      ]
    }
  >
    
  </Text>
</View>
`;

exports[`Icon Component rendered correctly Minus Icon 1`] = `
<View
  style={
    Array [
      Object {
        "overflow": "hidden",
      },
      Object {
        "alignItems": "center",
        "justifyContent": "center",
      },
    ]
  }
>
  <Text
    allowFontScaling={false}
    style={
      Array [
        Object {
          "color": "#0f348e",
          "fontSize": 50,
        },
        undefined,
        Object {
          "fontFamily": "Ionicons",
          "fontStyle": "normal",
          "fontWeight": "normal",
        },
        Object {},
      ]
    }
  >
    
  </Text>
</View>
`;

exports[`Icon Component rendered correctly Plus Icon 1`] = `
<View
  style={
    Array [
      Object {
        "overflow": "hidden",
      },
      Object {
        "alignItems": "center",
        "justifyContent": "center",
      },
    ]
  }
>
  <Text
    allowFontScaling={false}
    style={
      Array [
        Object {
          "color": "#0f348e",
          "fontSize": 50,
        },
        undefined,
        Object {
          "fontFamily": "Ionicons",
          "fontStyle": "normal",
          "fontWeight": "normal",
        },
        Object {},
      ]
    }
  >
    
  </Text>
</View>
`;

exports[`Icon Component rendered correctly Task Four Focused Icon 1`] = `
<View
  style={
    Array [
      Object {
        "overflow": "hidden",
      },
      Object {
        "alignItems": "center",
        "justifyContent": "center",
      },
    ]
  }
>
  <Text
    allowFontScaling={false}
    style={
      Array [
        Object {
          "color": "#0f348e",
          "fontSize": 50,
        },
        undefined,
        Object {
          "fontFamily": "Ionicons",
          "fontStyle": "normal",
          "fontWeight": "normal",
        },
        Object {},
      ]
    }
  >
    
  </Text>
</View>
`;

exports[`Icon Component rendered correctly Task Four Icon 1`] = `
<View
  style={
    Array [
      Object {
        "overflow": "hidden",
      },
      Object {
        "alignItems": "center",
        "justifyContent": "center",
      },
    ]
  }
>
  <Text
    allowFontScaling={false}
    style={
      Array [
        Object {
          "color": "#0f348e",
          "fontSize": 50,
        },
        undefined,
        Object {
          "fontFamily": "Ionicons",
          "fontStyle": "normal",
          "fontWeight": "normal",
        },
        Object {},
      ]
    }
  >
    
  </Text>
</View>
`;

exports[`Icon Component rendered correctly Task One Focused Icon 1`] = `
<View
  style={
    Array [
      Object {
        "overflow": "hidden",
      },
      Object {
        "alignItems": "center",
        "justifyContent": "center",
      },
    ]
  }
>
  <Text
    allowFontScaling={false}
    style={
      Array [
        Object {
          "color": "#0f348e",
          "fontSize": 50,
        },
        undefined,
        Object {
          "fontFamily": "Ionicons",
          "fontStyle": "normal",
          "fontWeight": "normal",
        },
        Object {},
      ]
    }
  >
    
  </Text>
</View>
`;

exports[`Icon Component rendered correctly Task One Icon 1`] = `
<View
  style={
    Array [
      Object {
        "overflow": "hidden",
      },
      Object {
        "alignItems": "center",
        "justifyContent": "center",
      },
    ]
  }
>
  <Text
    allowFontScaling={false}
    style={
      Array [
        Object {
          "color": "#0f348e",
          "fontSize": 50,
        },
        undefined,
        Object {
          "fontFamily": "Ionicons",
          "fontStyle": "normal",
          "fontWeight": "normal",
        },
        Object {},
      ]
    }
  >
    
  </Text>
</View>
`;

exports[`Icon Component rendered correctly Task Three Focused Icon 1`] = `
<View
  style={
    Array [
      Object {
        "overflow": "hidden",
      },
      Object {
        "alignItems": "center",
        "justifyContent": "center",
      },
    ]
  }
>
  <Text
    allowFontScaling={false}
    style={
      Array [
        Object {
          "color": "#0f348e",
          "fontSize": 50,
        },
        undefined,
        Object {
          "fontFamily": "Ionicons",
          "fontStyle": "normal",
          "fontWeight": "normal",
        },
        Object {},
      ]
    }
  >
    
  </Text>
</View>
`;

exports[`Icon Component rendered correctly Task Three Icon 1`] = `
<View
  style={
    Array [
      Object {
        "overflow": "hidden",
      },
      Object {
        "alignItems": "center",
        "justifyContent": "center",
      },
    ]
  }
>
  <Text
    allowFontScaling={false}
    style={
      Array [
        Object {
          "color": "#0f348e",
          "fontSize": 50,
        },
        undefined,
        Object {
          "fontFamily": "Ionicons",
          "fontStyle": "normal",
          "fontWeight": "normal",
        },
        Object {},
      ]
    }
  >
    
  </Text>
</View>
`;

exports[`Icon Component rendered correctly Task Two Focused Icon 1`] = `
<View
  style={
    Array [
      Object {
        "overflow": "hidden",
      },
      Object {
        "alignItems": "center",
        "justifyContent": "center",
      },
    ]
  }
>
  <Text
    allowFontScaling={false}
    style={
      Array [
        Object {
          "color": "#0f348e",
          "fontSize": 50,
        },
        undefined,
        Object {
          "fontFamily": "Ionicons",
          "fontStyle": "normal",
          "fontWeight": "normal",
        },
        Object {},
      ]
    }
  >
    
  </Text>
</View>
`;

exports[`Icon Component rendered correctly Task Two Icon 1`] = `
<View
  style={
    Array [
      Object {
        "overflow": "hidden",
      },
      Object {
        "alignItems": "center",
        "justifyContent": "center",
      },
    ]
  }
>
  <Text
    allowFontScaling={false}
    style={
      Array [
        Object {
          "color": "#0f348e",
          "fontSize": 50,
        },
        undefined,
        Object {
          "fontFamily": "Ionicons",
          "fontStyle": "normal",
          "fontWeight": "normal",
        },
        Object {},
      ]
    }
  >
    
  </Text>
</View>
`;
